// Jest Snapshot v1, https://goo.gl/fbAQLP

exports[`testing component with snapshot 1`] = `
<div
  className="chakra-fade"
  style={
    Object {
      "opacity": 0,
    }
  }
>
  <h2
    className="chakra-heading css-6kld57"
  />
</div>
`;
